node.exe :  тЪа Warning: Next.js inferred your workspace root, but it may not be correct.
At C:\Program Files\nodejs\npx.ps1:29 char:3
+   & $NODE_EXE $NPX_CLI_JS $args
+   ~~~~~~~~~~~~~~~~~~~~~~~~~~~~~
    + CategoryInfo          : NotSpecified: ( тЪа Warning: N...not be correct.:String) [], RemoteException
    + FullyQualifiedErrorId : NativeCommandError
 
 We detected multiple lockfiles and selected the directory of C:\Users\yaole\.openclaw\workspace\package-lock.json as t
he root directory.
 To silence this warning, set `outputFileTracingRoot` in your Next.js config, or consider removing one of the lockfiles
 if it's not needed.
   See https://nextjs.org/docs/app/api-reference/config/next-config-js/output#caveats for more information.
 Detected additional lockfiles: 
   * C:\Users\yaole\.openclaw\workspace\ai-site-temp\package-lock.json

   тЦ▓ Next.js 15.5.14

   Creating an optimized production build ...
 тЬУ Compiled successfully in 2.0s
   Linting and checking validity of types ...
   Collecting page data ...
 тЪа Using edge runtime on a page currently disables static generation for that page
YAMLException: can not read a block mapping entry; a multiline key may not be an implicit key at line 5, column 5:
    tags: ["Space", "Startups"]
        ^
    at K (C:\Users\yaole\.openclaw\workspace\ai-site-temp\.next\server\chunks\423.js:1:330296)
    at L (C:\Users\yaole\.openclaw\workspace\ai-site-temp\.next\server\chunks\423.js:1:330394)
    at _ (C:\Users\yaole\.openclaw\workspace\ai-site-temp\.next\server\chunks\423.js:1:339091)
    at ad (C:\Users\yaole\.openclaw\workspace\ai-site-temp\.next\server\chunks\423.js:1:341826)
    at ae (C:\Users\yaole\.openclaw\workspace\ai-site-temp\.next\server\chunks\423.js:1:343936)
    at af (C:\Users\yaole\.openclaw\workspace\ai-site-temp\.next\server\chunks\423.js:1:344679)
    at ah (C:\Users\yaole\.openclaw\workspace\ai-site-temp\.next\server\chunks\423.js:1:344888)
    at Object.aj [as safeLoad] (C:\Users\yaole\.openclaw\workspace\ai-site-temp\.next\server\chunks\423.js:1:345149)
    at a.exports (C:\Users\yaole\.openclaw\workspace\ai-site-temp\.next\server\chunks\423.js:1:117096)
    at n (C:\Users\yaole\.openclaw\workspace\ai-site-temp\.next\server\chunks\423.js:1:1288) {
  reason: 'can not read a block mapping entry; a multiline key may not be an implicit key',
  mark: [e],
  constructor: [Function: b],
  toString: [Function (anonymous)]
}

> Build error occurred
[Error: Failed to collect page data for /tag/[slug]] { type: 'Error' }
